INFO:root:CREATE : name='ultimate test' description='WOWOWOWOW' 
INFO:root:CREATE : name='Pet Bed with Removable Cover' description='Comfy pet bed with washable cover for easy cleaning.' 
INFO:root:CREATE : name='Granola Clusters' description='Crunchy granola clusters, perfect for snacking or topping yogurt.' 
INFO:root:CREATE : name='Caraway Rye Bread' description='Artisan bread with caraway seeds for added flavor.' 
INFO:root:CREATE : name='Pineapple Chunks (canned)' description='Sweet pineapple chunks in syrup.' 
INFO:root:CREATE : name='Buffalo Style Cauliflower Bites' description='Frozen cauliflower bites coated in spicy buffalo sauce, ready to bake and enjoy as an appetizer.' 
INFO:root:CREATE : name='Lemonade Mix' description='Sweetened powder for refreshing lemonade.' 
INFO:root:CREATE : name='Poppy Seed Dressing' description='A light and tangy dressing with poppy seeds, perfect for salads.' 
INFO:root:CREATE : name='Camping Chair' description='Portable folding camping chair with cup holder.' 
INFO:root:CREATE : name='Over-Ear Headphones' description='Comfortable over-ear headphones with deep bass.' 
INFO:root:CREATE : name='Winter Knit Beanie' description='Cozy beanie hat to keep your head warm in the cold.' 
INFO:root:CREATE : name='Dog Car Seat Cover' description='Waterproof cover to protect car seats from pet hair and dirt.' 
INFO:root:CREATE : name='Portable Water Filter' description='Lightweight water filter for outdoor adventures.' 
INFO:root:CREATE : name='Creamy Garlic Mashed Potatoes' description='Rich and buttery mashed potatoes with roasted garlic.' 
INFO:root:CREATE : name='Electrolyte Water Bottle' description='Water bottle that tracks hydration levels and adds electrolytes.' 
INFO:root:CREATE : name='Wireless Charging Station' description='Charge multiple devices with this sleek charging station.' 
INFO:root:CREATE : name='Stylish Combat Boots' description='Bold combat boots that make a statement with any outfit.' 
INFO:root:CREATE : name='Garlic Herb Grilled Chicken' description='Marinated grilled chicken breasts seasoned with garlic and herbs.' 
INFO:root:CREATE : name='Cheese Stuffed Jalapenos' description='Spicy jalapenos stuffed with cheese, ideal for appetizers.' 
INFO:root:CREATE : name='Kale Chips' description='Healthy, crunchy kale chips, a nutritious snack.' 
INFO:root:CREATE : name='Mango Chilli Sauce' description='A sweet and spicy sauce for dipping or glazing.' 
INFO:root:CREATE : name='Aged White Cheddar Popcorn' description='Light and fluffy popcorn coated in aged white cheddar.' 
INFO:root:CREATE : name='Smartphone Gimbal Stabilizer' description='Stabilizer for smooth video recording with smartphones.' 
INFO:root:CREATE : name='Gardening Gloves' description='Durable gardening gloves with reinforced fingertips.' 
INFO:root:CREATE : name='Vegan Alfredo Sauce' description='Creamy, dairy-free Alfredo sauce' 
INFO:root:CREATE : name='Sustainable Wooden Toys' description='Eco-friendly toys for learning and imaginative play.' 
INFO:root:CREATE : name='Frozen Salmon Filets' description='Wild-caught salmon filets, perfect for grilling or baking.' 
INFO:root:CREATE : name='Pumpkin Spice Cookies' description='Delicious cookies flavored with pumpkin and spices.' 
INFO:root:CREATE : name='Personal Safety Alarm' description='Compact alarm for personal safety and security.' 
INFO:root:CREATE : name='Roasted Chickpeas' description='Crispy roasted chickpeas seasoned to perfection' 
INFO:root:CREATE : name='Matcha Green Tea Powder' description='High-quality matcha for making traditional tea or lattes.' 
INFO:root:CREATE : name='Spicy Tuna Salad' description='Ready-to-eat tuna salad with a spicy kick, perfect for sandwiches.' 
INFO:root:CREATE : name='Leather Biker Jacket' description='Stylish black leather jacket featuring a zip-up front and multiple pockets.' 
INFO:root:CREATE : name='Phone Screen Protector' description='Tempered glass screen protector for smartphones.' 
INFO:root:CREATE : name='Folding Pocket Knife' description='Compact knife with safety lock for everyday use.' 
INFO:root:CREATE : name='Vegetable Stir-Fry Sauce' description='Savory sauce for vegetable and meat stir-fries.' 
INFO:root:CREATE : name='Glass Water Bottle' description='Borosilicate glass water bottle with silicone sleeve.' 
INFO:root:CREATE : name='Puzzle 3D Model Kit' description='3D model puzzle kit for creative builders.' 
INFO:root:CREATE : name='Caramel Apple Taffy' description='Sweet and chewy taffy flavored like caramel apples, great for fall.' 
INFO:root:CREATE : name='Pet Grooming Glove' description='Gentle glove for brushing and massaging your pet.' 
INFO:root:CREATE : name='Electric Skillet' description='Versatile electric skillet for stir-frying and searing.' 
INFO:root:CREATE : name='Herbal Tea Variety Pack' description='Assorted herbal teas, perfect for a warm and relaxing drink.' 
INFO:root:CREATE : name='Mechanical Keyboard' description='High-performance mechanical keyboard with customizable RGB.' 
INFO:root:CREATE : name='Garden Tool Set' description='Complete set of gardening tools for all your needs.' 
INFO:root:CREATE : name='Smart LED Desk Lamp' description='Adjustable lamp with multiple brightness levels and colors.' 
INFO:root:CREATE : name='Cherry Almond Protein Bar' description='Nutritious protein bar with cherry and almond flavor, great for on-the-go.' 
INFO:root:CREATE : name='Almond Joy Snack Bars' description='Chewy snack bars with coconut and almonds coated in chocolate.' 
INFO:root:CREATE : name='Paprika' description='Rich and sweet paprika spice for seasoning.' 
INFO:root:CREATE : name='Organic Coconut Flakes' description='Unsweetened coconut flakes for baking and snacking.' 
INFO:root:CREATE : name='Reusable Produce Bags Set' description='Eco-friendly mesh bags for shopping produce at the market.' 
INFO:root:CREATE : name='Educational STEM Kit' description='Hands-on experience with science and engineering projects.' 
INFO:root:CREATE : name='Honey' description='Pure and natural honey, great for sweetening.' 
INFO:root:CREATE : name='Creative Puzzle Game' description='Challenging and fun puzzle game for all ages.' 
INFO:root:CREATE : name='Indoor Grill' description='Electric indoor grill for quick meals.' 
INFO:root:CREATE : name='Honey-Balsamic Vinaigrette' description='A sweet and tangy vinaigrette dressing for salads.' 
INFO:root:CREATE : name='Protein Bar Variety Pack' description='A pack of assorted nut and protein bars for a quick energy boost.' 
INFO:root:CREATE : name='Sliced Bread' description='Soft and fresh sliced bread, perfect for sandwiches.' 
INFO:root:CREATE : name='Computer Monitor Stand' description='Ergonomic monitor stand for improved workspace organization.' 
INFO:root:CREATE : name='Buffalo Chicken Dip' description='Spicy and creamy dip made with shredded chicken, perfect for parties.' 
INFO:root:CREATE : name='Compact Hair Dryer' description='Lightweight hair dryer with multiple speed settings.' 
INFO:root:CREATE : name='Coconut Flakes' description='Unsweetened coconut flakes for baking and topping.' 
INFO:root:CREATE : name='Crispy Chickpeas' description='Roasted chickpeas seasoned for a crunchy snack.' 
INFO:root:CREATE : name='Pet First Aid Kit' description="Essential kit for taking care of your pets' health emergencies." 
INFO:root:CREATE : name='Herb Seasoned Couscous' description='Fluffy couscous seasoned with a blend of herbs, perfect as a side dish.' 
INFO:root:CREATE : name='Smart Wi-Fi Light Bulbs' description='Energy-efficient LED bulbs that can be controlled via smartphone.' 
INFO:root:CREATE : name='Cream Cheese' description='Smooth and creamy, ideal for spreads or baking.' 
INFO:root:CREATE : name='Sesame Oil' description='Nutty-scented oil for stir-fry and marinades.' 
INFO:root:CREATE : name='Frozen Hash Browns' description='Shredded potatoes, perfect for breakfasts.' 
INFO:root:CREATE : name='Glass Tea Pot' description='Elegant glass teapot for brewing loose tea.' 
INFO:root:CREATE : name='LED Desk Lamp with USB Charging' description='Stylish desk lamp featuring a USB charging port.' 
INFO:root:CREATE : name='Mini Fondue Set' description='Complete fondue set for chocolate and cheese parties.' 
INFO:root:CREATE : name='Low-Fat Cottage Cheese' description='Creamy cottage cheese, perfect for healthy snacking.' 
INFO:root:CREATE : name='LED Flashing Pet Collar' description='Safety collar with flashing lights for pets during night walks.' 
INFO:root:CREATE : name='Lemon Garlic Marinade' description='A zesty marinade made with lemon juice and garlic, ideal for chicken or fish.' 
INFO:root:CREATE : name='Portable Charger with Solar Panel' description='Eco-friendly charger with a built-in solar panel for outdoor use.' 
INFO:root:CREATE : name='Mini Hand Gesture Drone' description='Toy drone that flies with gestures and is easy to control.' 
INFO:root:CREATE : name='Travel Mug with Leak-Proof Lid' description='Stainless steel travel mug that keeps drinks hot or cold.' 
INFO:root:CREATE : name='Lentil Vegetable Stew' description='Hearty stew made with lentils and mixed vegetables, vegan-friendly.' 
INFO:root:CREATE : name='Vegetable Quinoa Bowl' description='A frozen meal featuring quinoa and mixed vegetables, ready to heat and eat.' 
INFO:root:CREATE : name='Tea Infuser' description='Silicone tea infuser for brewing loose leaf tea.' 
INFO:root:CREATE : name='BBQ Sauce' description='A smoky barbecue sauce, ideal for grilling and dipping.' 
INFO:root:CREATE : name='Magnetic Curtain Tiebacks' description='Easy-to-use tiebacks for curtains or drapes.' 
INFO:root:CREATE : name='Maple Syrup' description='Pure maple syrup for pancakes and more.' 
INFO:root:CREATE : name='Organic Baby Spinach' description='Fresh baby spinach leaves, great for salads and smoothies.' 
INFO:root:CREATE : name='Wireless Smart Plug' description='Control home appliances remotely using your smartphone app.' 
INFO:root:CREATE : name='Electric Bike' description='Eco-friendly electric bike with a 30-mile range.' 
INFO:root:CREATE : name='Cinnamon Roll Protein Bar' description='Soft and chewy bar packed with protein and cinnamon flavors.' 
INFO:root:CREATE : name='Travel Mug' description='Stainless steel travel mug with spill-proof lid.' 
INFO:root:CREATE : name='Skincare Fridge' description='Small fridge designed to keep skincare products cool and fresh.' 
INFO:root:CREATE : name='Ginger Turmeric Shots' description='Ready-to-drink shots made with fresh ginger and turmeric.' 
INFO:root:CREATE : name='Car Vacuum' description='Portable car vacuum cleaner with strong suction.' 
INFO:root:CREATE : name='Under Desk Footrest' description='Adjustable footrest for improved comfort while sitting.' 
INFO:root:CREATE : name='Pet Water Fountain' description='Automatic water fountain for pets with filtration.' 
INFO:root:CREATE : name='Mango Chia Pudding' description='Healthy chia pudding made with mango and coconut milk.' 
INFO:root:CREATE : name='Frozen Cauliflower Rice' description='Convenient and low-carb alternative to traditional rice.' 
INFO:root:CREATE : name='Non-Stick Baking Sheets' description='Set of baking sheets for effortless baking.' 
INFO:root:CREATE : name='Wooden Puzzle Game' description='Classic wooden puzzle game for kids and adults.' 
INFO:root:CREATE : name='Gardening Tool Belt' description='Convenient belt with pockets for easy access to tools while gardening.' 
INFO:root:CREATE : name='Creamy Garlic Dressing' description='Rich and creamy dressing with garlic flavor, perfect for salads.' 
INFO:root:CREATE : name='LED Flashlight with Rechargeable Batteries' description='Bright flashlight with rechargeable batteries included.' 
INFO:root:CREATE : name='Flavored Rice Cakes' description='Light and crunchy rice cakes with a variety of flavors.' 
INFO:root:CREATE : name='Beef Sirloin Steak' description='Juicy and tender beef sirloin steak, grass-fed.' 
INFO:root:CREATE : name="Children's Musical Instrument Set" description='Fun instruments to introduce kids to music.' 
INFO:root:CREATE : name='Dog Frisbee Toy' description='Durable and soft frisbee designed for dogs to play with.' 
INFO:root:CREATE : name='Samoas Cookie Mix' description='Baking mix to create your favorite Samoa-style cookies at home.' 
INFO:root:CREATE : name='Non-Stick Grill Mat' description='Reusable mat that prevents food from sticking to the grill.' 
INFO:root:CREATE : name='Tailored Blazer' description='Sharp tailored blazer perfect for office wear and professional events.' 
INFO:root:CREATE : name='Orange Ginger Vinaigrette' description='Tangy vinaigrette with orange and ginger flavors.' 
INFO:root:CREATE : name='Tactical Backpack' description='Durable and versatile backpack for outdoor and travel use.' 
INFO:root:CREATE : name='Tomato Paste' description='Concentrated tomato paste, great for sauces.' 
INFO:root:CREATE : name='Cabbage Slaw Mix' description='Fresh cabbage and carrot slaw mix for salads.' 
INFO:root:CREATE : name='Electric Stool Heater' description='Heated stool cover for extra comfort during winter.' 
INFO:root:CREATE : name='Vegetable Spring Rolls' description='Crispy spring rolls filled with vegetables' 
INFO:root:CREATE : name='Wireless Range Extender' description='Boost your Wi-Fi signal for better coverage.' 
INFO:root:CREATE : name='Multi-Function Meat Tenderizer' description='Kitchen tool for tenderizing meat to enhance flavors.' 
INFO:root:CREATE : name='Gluten-Free Bread' description='Soft and tasty gluten-free sandwich bread.' 
INFO:root:CREATE : name='Bicycle Lock' description='Heavy-duty bicycle lock for security.' 
INFO:root:CREATE : name='Sea Salt Caramel Popcorn' description='Sweet and salty popcorn with sea salt and caramel, a tasty treat.' 
INFO:root:CREATE : name='Honey Lemon Tea' description='Refreshing tea with honey and lemon flavor, perfect for a warm drink.' 
INFO:root:CREATE : name="Kids' Gardening Tools Set" description='Fun and colorful gardening tools designed for children.' 
INFO:root:CREATE : name='Kitchen Scale' description='Digital scale for precise cooking measurements.' 
INFO:root:CREATE : name='Golf Putting Green' description='Indoor putting green for practicing your putting skills.' 
INFO:root:CREATE : name='Mesh Sports Leggings' description='Breathable mesh sports leggings for ultimate comfort.' 
INFO:root:CREATE : name='Applewood Smoked Bacon' description='Delicious bacon with a rich applewood smoked flavor.' 
INFO:root:CREATE : name='Nail Polish Set' description='Assorted nail polish set for vibrant nails.' 
INFO:root:CREATE : name='Set of Measuring Spoons' description='Stainless steel measuring spoons set for cooking.' 
INFO:root:CREATE : name='Karaoke Microphone' description='Wireless microphone for singing and performances.' 
INFO:root:CREATE : name='LED Camping Lantern with USB Charging' description='Rechargeable lantern with multiple brightness settings for outdoors.' 
INFO:root:CREATE : name='Camping Lantern' description='Rechargeable LED camping lantern for outdoor use.' 
INFO:root:CREATE : name='Phone Case' description='Rugged phone case for drop protection.' 
INFO:root:CREATE : name='Sun-Dried Tomato Pesto' description='A rich pesto made with sun-dried tomatoes and pine nuts.' 
INFO:root:CREATE : name='Dog Waste Bag Dispenser' description='Convenient dispenser for dog waste bags on walks.' 
INFO:root:CREATE : name='Cranberry Juice' description='Refreshing cranberry juice with no added sugar.' 
INFO:root:CREATE : name='Recipe Book Stand' description='Stylish stand to hold your recipes while cooking.' 
INFO:root:CREATE : name='Savory Oats' description='Instant oats with a savory twist, such as herbs and spices.' 
INFO:root:CREATE : name='Air Purifier' description='HEPA air purifier for clean indoor air.' 
INFO:root:CREATE : name='Microwave Popcorn Maker' description='Healthier way to make popcorn in the microwave without oil.' 
INFO:root:CREATE : name='Herb Seasoned Rice' description='A flavorful rice side dish seasoned with herbs and spices.' 
INFO:root:CREATE : name='Insulated Lunch Box' description='Durable lunch box designed to keep food fresh and cool.' 
INFO:root:CREATE : name='Thai Peanut Noodles' description='Noodles tossed in a spicy Thai peanut sauce.' 
INFO:root:CREATE : name="Kids' Dinosaur-Themed Lunchbox" description='Fun lunchbox for kids with a sturdy design.' 
INFO:root:CREATE : name='Smartphone UV Sanitizer' description='UV light sanitizer for phones and small items.' 
INFO:root:CREATE : name='DIY Organic Gardening Kit' description='Complete kit for starting your own organic garden.' 
INFO:root:CREATE : name='Potato Wedge Seasoning' description='Seasoning mix for making crispy and flavorful potato wedges.' 
INFO:root:CREATE : name='Zucchini Noodles' description='Spiralized zucchini, a healthy alternative to pasta.' 
INFO:root:CREATE : name='Italian Sausage Links' description='Savory sausage links seasoned with Italian spices.' 
INFO:root:CREATE : name='Spicy Thai Noodles' description='Instant noodles with a spicy Thai sauce for quick meals.' 
INFO:root:CREATE : name='Puff Pastry' description='Versatile puff pastry for pies and pastries.' 
INFO:root:CREATE : name='Bamboo Cotton Tank Top' description='Sustainable tank top made of bamboo cotton, offering breathability and comfort.' 
INFO:root:CREATE : name='DIY Candle Making Kit' description='Everything you need to make your own candles.' 
INFO:root:CREATE : name='Chopping Board' description='Reversible bamboo chopping board for food prep.' 
INFO:root:CREATE : name='Whisk Set' description='Set of whisks in various sizes for cooking.' 
INFO:root:CREATE : name='Basil Lemonade' description='Refreshing basil-infused lemonade for a cool drink.' 
INFO:root:CREATE : name='Honey Roasted Almonds' description='Sweet and crunchy roasted almonds.' 
INFO:root:CREATE : name='Vacuum Sealer Machine' description='Seal food and maintain freshness longer.' 
INFO:root:CREATE : name='Wall-Mounted Spice Rack' description='Space-saving rack to store and organize spices conveniently.' 
INFO:root:CREATE : name='Wireless Security Camera' description='1080p wireless security camera with night vision.' 
INFO:root:CREATE : name='Pasta (Fusilli)' description='Twisted pasta perfect for salads and pasta dishes.' 
INFO:root:CREATE : name='Electric Air Pump' description='Fast and convenient air pump for inflating toys and furniture.' 
INFO:root:CREATE : name='Durable Hiking Boots' description='Comfortable and rugged boots designed for hiking.' 
INFO:root:CREATE : name='Pocket Blanket' description='Compact, waterproof blanket for picnics and events.' 
INFO:root:CREATE : name='Cranberry Pecan Granola' description='Crunchy granola with cranberries and pecans.' 
INFO:root:CREATE : name='Honey Sesame Chicken Mix' description='A meal kit featuring tender chicken with honey sesame sauce.' 
INFO:root:CREATE : name='Instant Read Meat Thermometer' description='Fast and accurate thermometer for grilling and cooking.' 
INFO:root:CREATE : name='Almond Quinoa Salad' description='Healthy salad made with quinoa, almonds, and mixed greens, perfect for a light meal.' 
INFO:root:CREATE : name='Wall Art' description='Abstract canvas print to enhance home decor.' 
INFO:root:CREATE : name='Warm Knit Beanie' description='Stay warm with this stylish knit beanie in various colors.' 
INFO:root:CREATE : name='Organic Fruit Salad' description='Fresh fruit salad, ready to eat and refreshing.' 
INFO:root:CREATE : name='Almond Coconut Granola' description='Crunchy granola with almonds and coconut.' 
INFO:root:CREATE : name='Jalapeño Cornbread' description='Spicy cornbread infused with jalapeños for a kick of flavor at your next meal.' 
INFO:root:CREATE : name='Veggie Lovers Pizza' description='Frozen pizza loaded with fresh vegetables and mozzarella cheese.' 
INFO:root:CREATE : name='Adjustable Kitchen Broom Stand' description='Space-saving broom holder for organized cleaning supplies.' 
INFO:root:CREATE : name='Puffer Winter Coat' description='A warm and stylish puffer coat perfect for winter weather.' 
INFO:root:CREATE : name='Chia Seeds' description='Nutty flavored chia seeds, packed with nutrients.' 
INFO:root:CREATE : name='Herb Drying Rack' description='Mesh drying rack for preserving herbs and flowers.' 
INFO:root:CREATE : name='Himalayan Pink Salt' description='Natural mineral salt with a subtle flavor, ideal for cooking and seasoning.' 
INFO:root:CREATE : name='Ski Goggles' description='Anti-fog ski goggles for winter sports.' 
INFO:root:CREATE : name='Garlic Butter Shrimp' description='Frozen shrimp sautéed in garlic butter, ready to thaw and serve over pasta or rice.' 
INFO:root:CREATE : name='Reflective Safety Vest' description='Bright safety vest for outdoor visibility during any activity.' 
INFO:root:CREATE : name='Graphic Sweatshirt' description='A comfortable sweatshirt featuring a bold graphic print.' 
INFO:root:CREATE : name='Pet Safety Belt for Car' description='Seat belt attachment to keep dogs safe during car rides.' 
INFO:root:CREATE : name='Portable Refrigerator Freezer' description='Compact fridge ideal for camping and road trips.' 
INFO:root:CREATE : name='Ginger Snaps' description='Spicy ginger cookies that are crunchy and delicious.' 
INFO:root:CREATE : name='Honey Mustard Pretzel Bites' description='Delicious pretzel bites with a sweet honey mustard flavor, perfect for dipping.' 
INFO:root:CREATE : name='Classic Beef Chili' description='Hearty chili made with premium ground beef and kidney beans.' 
INFO:root:CREATE : name='Honey Sesame Cashews' description='Roasted cashews coated in honey and sesame seeds for a sweet treat.' 
INFO:root:CREATE : name='Sriracha Honey Glaze' description='A spicy glaze made with sriracha and honey, perfect for meats.' 
INFO:root:CREATE : name='Honey Almond Granola Bars' description='Chewy granola bars made with honey and almonds.' 
INFO:root:CREATE : name='Garlic and Herb Cream Cheese' description='Spreadable cream cheese with garlic and herbs.' 
INFO:root:CREATE : name='Bamboo Utensil Set' description='Sustainable bamboo utensils for cooking and serving.' 
INFO:root:CREATE : name='Tailgating Set' description='Complete set for grilling and tailgating fun.' 
INFO:root:CREATE : name='Personal Blender with Travel Lid' description='Blender designed for smoothies and shakes on the go.' 
INFO:root:CREATE : name='Coconut Milk Ice Cream' description='Dairy-free ice cream made with coconut milk, creamy and delicious.' 
INFO:root:CREATE : name='Peanut Butter Filled Pretzels' description='Salty pretzels filled with creamy peanut butter.' 
INFO:root:CREATE : name='Mint Chocolate Chip Ice Cream' description='Creamy ice cream with refreshing mint flavor and chocolate chips.' 
INFO:root:CREATE : name='Sweet Corn' description='Tender sweet corn kernels, ready to eat or add to dishes.' 
INFO:root:CREATE : name='Pet Safety Harness' description='Comfortable harness designed to keep pets safe in the car.' 
INFO:root:CREATE : name='Rechargeable Battery Organizer' description='Tidy storage solution for rechargeable batteries.' 
INFO:root:CREATE : name='Inflatable Party Cooler' description='Fun inflatable cooler to keep drinks cold at parties.' 
INFO:root:CREATE : name='Heated Throw Blanket' description='Soft blanket that provides warmth with adjustable settings.' 
INFO:root:CREATE : name='Organic Tomato Soup' description='Hearty tomato soup made from organic ingredients.' 
INFO:root:CREATE : name='Whole Wheat Pasta' description='Nutritious and hearty pasta made from whole wheat flour.' 
INFO:root:CREATE : name='Ginger Turmeric Tea' description='Herbal tea blend with ginger and turmeric for a soothing drink.' 
INFO:root:CREATE : name='Gaming Mousepad' description='Oversized gaming mousepad with smooth surface.' 
INFO:root:CREATE : name='Chocolate Protein Powder' description='Rich chocolate protein powder for smoothies and baking.' 
INFO:root:CREATE : name='Vegetable Samosas' description='Crispy pastry filled with seasoned vegetables.' 
INFO:root:CREATE : name='Travel Pillow' description='Memory foam travel pillow for neck support.' 
INFO:root:CREATE : name='Herbal Tea Set' description='Assorted herbal tea bags for relaxation and wellness.' 
INFO:root:CREATE : name='Floral Summer Dress' description='Light and breezy dress perfect for summer outings with a vibrant floral pattern.' 
INFO:root:CREATE : name='Watercolor Paint Set' description='Vibrant watercolor paints that come with brushes and palettes.' 
INFO:root:CREATE : name='Vegetable Stir-Fry Kit' description='A mix of fresh vegetables with a savory stir-fry sauce, ready to cook.' 
INFO:root:CREATE : name='Apple Pie Filling' description='Sweet and spiced apple filling, perfect for pies.' 
INFO:root:CREATE : name='Fettuccine Alfredo Dinner Kit' description='Easy meal kit for creamy fettuccine Alfredo.' 
INFO:root:CREATE : name='Electric Wine Opener' description='Rechargeable electric wine opener for effortless uncorking.' 
INFO:root:CREATE : name='Home Cleaning Robot' description='Automated cleaning robot for hassle-free home maintenance.' 
INFO:root:CREATE : name='Spaghetti and Meatball Dinner Kit' description='All-in-one meal kit including pasta, meatballs, and sauce for a quick dinner.' 
INFO:root:CREATE : name='Mini Pretzels' description='Crispy mini pretzels, a great snack any time of day.' 
INFO:root:CREATE : name='Artisan Pickles' description='Tangy and crunchy dill pickles.' 
INFO:root:CREATE : name='Greek Feta Cheese' description='Creamy and crumbly cheese for salads and dishes.' 
INFO:root:CREATE : name='Body Wash' description='Moisturizing body wash with natural ingredients.' 
INFO:root:CREATE : name='Travel Eye Mask with Ear Plugs' description='Comfortable eye mask that includes noise-canceling ear plugs.' 
INFO:root:CREATE : name='Spicy Tuna Sushi Kit' description='Everything you need to make delicious spicy tuna rolls at home.' 
INFO:root:CREATE : name='Smartphone Gimbal' description='Stabilizing gimbal for smooth video recording.' 
INFO:root:CREATE : name='Canned Black Beans' description='Delicious and hearty black beans, great for soups or salads.' 
INFO:root:CREATE : name='Art Supplies Organizer' description='Storage organizer for art supplies and tools.' 
INFO:root:CREATE : name='Homemade Salsa' description='Fresh salsa made with tomatoes, onions, and cilantro.' 
INFO:root:CREATE : name='Peach Fruit Cups' description='Juicy peach slices in light syrup, in convenient cups.' 
INFO:root:CREATE : name='Coffee Capsule Dispenser' description='Organize coffee capsules with this stylish dispenser.' 
INFO:root:CREATE : name='Peanut Butter Granola' description='Crunchy granola full of peanut butter flavor and oats.' 
INFO:root:CREATE : name="Kids' Gardening Kit" description='Complete set designed for children to learn gardening.' 
INFO:root:CREATE : name='LED Strip Light Kit' description='Flexible light strips for creative home decor.' 
INFO:root:CREATE : name='Buttermilk Pancakes' description='Fluffy pancakes with buttermilk flavor.' 
INFO:root:CREATE : name='Mixed Berry Smoothie Pack' description='Frozen berries blend perfect for smoothies, just add yogurt.' 
INFO:root:CREATE : name='Chia Seed Pudding' description='Nutritious chia seed pudding in vanilla flavor, ready to eat.' 
INFO:root:CREATE : name='Pet Hair Removal Brush' description='Effective brush for removing loose hair from pets.' 
INFO:root:CREATE : name='Automatic Pet Feeder' description='Programmable pet feeder for scheduled meals.' 
INFO:root:CREATE : name='Thermostatic Shower Valve Kit' description='Regulate water temperature for safe and comfortable showers.' 
INFO:root:CREATE : name='Nutty Trail Mix' description='A blend of nuts, seeds, and dried fruits for snacking.' 
INFO:root:CREATE : name='Savory Pumpkin Soup' description='Creamy pumpkin soup with spices' 
INFO:root:CREATE : name='Customizable Name Puzzle' description='Personalized wooden puzzles for children that encourage learning.' 
INFO:root:CREATE : name='Thai Basil Fried Rice' description='Fragrant fried rice with authentic Thai basil and veggies.' 
INFO:root:CREATE : name='Garlic Parmesan Roasted Nuts' description='Savory, roasted nuts seasoned with garlic and parmesan.' 
INFO:root:CREATE : name='Feta Cheese' description='Tangy feta cheese, perfect for salads and sandwiches.' 
INFO:root:CREATE : name='Veggie Chips Variety Pack' description='A colorful variety of crunchy veggie chips for snacking.' 
INFO:root:CREATE : name='Lemon Dill Chicken Skewers' description='Marinated chicken skewers with lemon and dill flavor, grilled to perfection.' 
INFO:root:CREATE : name='Mixed Nuts' description='A blend of assorted nuts, perfect for snacking or adding to recipes.' 
INFO:root:CREATE : name='Cinnamon Sugar Tortilla Chips' description='Crispy chips with a sweet twist, perfect for dipping.' 
INFO:root:CREATE : name='Raspberry Lemonade Mix' description='A refreshing drink mix that combines sweet raspberries and tart lemons, perfect for summer.' 
INFO:root:CREATE : name='Nutty Quinoa Salad' description='A delicious salad with quinoa, nuts, and cranberries.' 
INFO:root:CREATE : name='Chickpeas' description='Canned chickpeas, perfect for hummus or salads.' 
INFO:root:CREATE : name='Water-Resistant Bluetooth Speaker' description='Durable speaker designed for outdoor use with water resistance.' 
INFO:root:CREATE : name='Spinach and Cheese Quiche' description='Savory quiche loaded with spinach and cheese.' 
INFO:root:CREATE : name='First Aid Kit' description='Comprehensive first aid kit for emergency situations.' 
INFO:root:CREATE : name='Pet Hair Removal Roller' description='Lint roller designed specifically for removing pet hair from furniture.' 
INFO:root:CREATE : name='Honey Garlic Shrimp' description='Shrimp marinated in a honey garlic sauce, ready to cook.' 
INFO:root:CREATE : name='Stainless Steel Straws' description='Set of reusable stainless steel straws for drinks.' 
INFO:root:CREATE : name='Balsamic Fig Dressing' description='A sweet and tangy dressing made with figs and balsamic vinegar, great on salads.' 
INFO:root:CREATE : name="Kids' Educational Tablet" description='Learning tablet with kid-friendly educational apps.' 
INFO:root:CREATE : name='Gardening Fairy Figurines' description='Cute fairy figurines to decorate your garden or potted plants.' 
INFO:root:CREATE : name='Pleated Midi Dress' description='A stylish midi dress with stylish pleats, suitable for any occasion.' 
INFO:root:CREATE : name='Strawberry Rhubarb Jam' description='A sweet and tart jam, perfect on toast or in desserts.' 
INFO:root:CREATE : name='Suction Cup Hooks' description='Reusable suction cup hooks for hanging items.' 
INFO:root:CREATE : name='Portable Solar Charger' description='Solar-powered charger for smartphones and tablets.' 
INFO:root:CREATE : name='Indestructible Dog Toy' description='Durable toy designed for heavy chewers.' 
INFO:root:CREATE : name='Cranberry Citrus Sauce' description='A tangy sauce made with cranberries and citrus zest, perfect for turkey and chicken dishes.' 
INFO:root:CREATE : name='Peanut Butter Pretzel Bites' description='Crunchy pretzel bites filled with peanut butter' 
INFO:root:CREATE : name='Smart Fitness Scale' description='Bluetooth scale that tracks body composition through an app.' 
INFO:root:CREATE : name='Stylish Wide-Leg Trousers' description='Fashionable wide-leg trousers for a chic silhouette.' 
INFO:root:CREATE : name='Organic Almonds' description='Crunchy and nutritious almonds, perfect for snacking.' 
INFO:root:CREATE : name='Pumpkin Pie Spice' description='A blend of spices that brings the taste of fall to your baked goods.' 
INFO:root:CREATE : name='Electric Toothbrush' description='Rechargeable electric toothbrush with smart timer.' 
INFO:root:CREATE : name='Leek and Potato Soup' description='Savory soup made with leeks and potatoes.' 
INFO:root:CREATE : name='Silicone Baking Mat Set' description='Non-stick and reusable mats for easy baking.' 
INFO:root:CREATE : name='LED Strip Lights' description='Colorful LED strip lights for home decoration.' 
INFO:root:CREATE : name='Heavy-Duty Utility Tote' description='Large, durable tote bag for shopping and outdoor activities.' 
INFO:root:CREATE : name='Garlic Parmesan Roasted Potatoes' description='Oven-roasted potatoes tossed in garlic and parmesan cheese seasoning.' 
INFO:root:CREATE : name='Frozen Acai Bowl' description='Healthy frozen acai bowl with toppings.' 
INFO:root:CREATE : name='Relaxed Fit Henley Shirt' description='A comfortable henley shirt made of soft cotton, perfect for casual outings.' 
INFO:root:CREATE : name='Warm Wool Sweater' description='Cozy wool sweater to keep you warm on chilly days.' 
INFO:root:CREATE : name='Chickpea Pancakes' description='Savory pancakes made with chickpea flour, high in protein.' 
INFO:root:CREATE : name='Chocolate Mint Protein Shake' description='A nutritious shake with rich chocolate and refreshing mint flavors.' 
INFO:root:CREATE : name='Sparkling Blood Orange Soda' description='A refreshing sparkling beverage with a bold blood orange flavor.' 
INFO:root:CREATE : name='Heat-Resistant Silicone Mat' description='Protects surfaces while baking or cooking with hot items.' 
INFO:root:CREATE : name='Fridge Magnet Set' description='Fun fridge magnets to decorate your kitchen.' 
INFO:root:CREATE : name='Vegetable Korma' description='Creamy vegetable curry enriched with spices.' 
INFO:root:CREATE : name='Sourdough Bread' description='Artisan-made sourdough bread with a tangy flavor.' 
INFO:root:CREATE : name='Teriyaki Chicken Skewers' description='Grilled chicken skewers glazed with teriyaki sauce.' 
INFO:root:CREATE : name='Travel Jewelry Case' description='Portable case to organize and protect jewelry on trips.' 
INFO:root:CREATE : name='Vegan chocolate chip cookies' description='Delicious soft cookies, dairy-free and egg-free, perfect for treats.' 
INFO:root:CREATE : name='Tea Set with Infuser' description='Elegant tea set that includes an infuser for brewing.' 
INFO:root:CREATE : name='Over-the-Door Hooks' description='Convenient hooks that utilize door space for hanging items.' 
INFO:root:CREATE : name='Microfiber Cleaning Cloths' description='Pack of ultra-soft microfiber cloths for cleaning.' 
INFO:root:CREATE : name='Pear and Gorgonzola Salad' description='Fresh salad with pears, gorgonzola cheese, and nuts, perfect for lunch.' 
INFO:root:CREATE : name='Cranberry Almond Granola' description='Crunchy granola with oats, almonds, and dried cranberries.' 
INFO:root:CREATE : name='Electric Can Opener' description='Automatic can opener for easy meal prep.' 
INFO:root:CREATE : name='Handmade Leather Wallet' description='High-quality leather wallet with multiple compartments.' 
INFO:root:CREATE : name='Wall Art Stickers' description='Removable wall art stickers for home decoration.' 
INFO:root:CREATE : name='Peanut Butter Pretzel Nuggets' description='Crunchy pretzel nuggets filled with creamy peanut butter.' 
INFO:root:CREATE : name='Window Blinds' description='Adjustable window blinds for privacy and light control.' 
INFO:root:CREATE : name='Peach Preserves' description='Sweet and fruity peach preserves, perfect for spreading on toast.' 
INFO:root:CREATE : name='Digital Kitchen Timer' description='Easy-to-read digital kitchen timer with alarms.' 
INFO:root:CREATE : name='Board Game Storage' description='Organize your board games with this storage bin.' 
INFO:root:CREATE : name='Fitness Tracker Band' description='Affordable fitness tracker with heart rate monitor.' 
INFO:root:CREATE : name='Self-Massaging Pillow' description='Comfortable pillow with built-in massage features.' 
INFO:root:CREATE : name='Adjustable Yoga Mat Strap' description='Convenient strap for carrying yoga mats to class.' 
INFO:root:CREATE : name='Balsamic Vinaigrette' description='Rich and tangy dressing perfect for salads.' 
INFO:root:CREATE : name='Compressible Packing Cubes' description='Organizational cubes for easy packing and travel.' 
INFO:root:CREATE : name='Beef Stew Meat' description='Tender beef chunks for slow-cooked stews.' 
INFO:root:CREATE : name='Coffee Maker' description='Single-serve coffee maker with a built-in grinder.' 
INFO:root:CREATE : name='DIY Lip Balm Kit' description='Craft your own lip balms with this complete kit.' 
INFO:root:CREATE : name='Mayonnaise' description='Creamy mayonnaise, perfect for salads and sandwiches.' 
INFO:root:CREATE : name='Vegan Protein Powder' description='Plant-based protein powder for post-workout recovery.' 
INFO:root:CREATE : name='Jasmine Rice' description='Fragrant jasmine rice, perfect as a side dish.' 
INFO:root:CREATE : name='Organic Spinach' description='Fresh organic spinach, great for salads or cooking.' 
INFO:root:CREATE : name='Travel Document Organizer' description='Organize travel documents, passport, and cards.' 
INFO:root:CREATE : name='Backpacking Tent' description='Lightweight and durable tent for camping trips.' 
INFO:root:CREATE : name='Black Bean & Corn Salad' description='A fresh salad made with black beans, corn, and a zesty dressing, great for summer cookouts.' 
INFO:root:CREATE : name='Bike Helmet' description='Lightweight bike helmet with adjustable fit.' 
INFO:root:CREATE : name='Chocolate Covered Pretzels' description='Crunchy pretzels coated in rich chocolate, a sweet treat.' 
INFO:root:CREATE : name='Hair Dryer' description='Compact hair dryer with multiple heat settings.' 
INFO:root:CREATE : name='Portable UV Sterilizer' description='Compact sterilizer for disinfecting small items.' 
INFO:root:CREATE : name='Travel Makeup Organizer' description='Compact organizer for cosmetics during travel.' 
INFO:root:CREATE : name='Beef Jerky' description='Savory, protein-rich beef jerky for on-the-go snacking.' 
INFO:root:CREATE : name='Almond Joy Bars' description='Chocolate-covered candy bars with coconut and almonds.' 
INFO:root:CREATE : name='Face Mask Set' description='Set of five reusable fabric face masks.' 
INFO:root:CREATE : name='Digital Wireless Camera' description='Secure digital wireless security camera system.' 
INFO:root:CREATE : name='Sweet Pea Hummus' description='Creamy hummus made with sweet peas and tahini.' 
INFO:root:CREATE : name='Self-Cleaning Cat Litter Box' description='Automated litter box that cleans itself after each use.' 
INFO:root:CREATE : name='Slingback Sandals' description='Chic slingback sandals for a relaxed summer vibe.' 
INFO:root:CREATE : name='Raisin Cinnamon Granola' description='Crunchy granola with raisins and cinnamon for a delightful breakfast.' 
INFO:root:CREATE : name='Portable USB-C Monitor' description='Lightweight and slim monitor ideal for dual-screen setups.' 
INFO:root:CREATE : name='Luxury Memory Foam Mattress Topper' description="Adds extra comfort to your mattress for a better night's sleep." 
INFO:root:CREATE : name='Smoked Gouda Cheese' description='Rich and creamy smoked Gouda cheese perfect for snacking.' 
INFO:root:CREATE : name='Pasta Salad Kit' description='All-in-one kit for making pasta salad easily.' 
INFO:root:CREATE : name='Athletic Jogging Jacket' description='Designed for comfort and performance during workouts.' 
INFO:root:CREATE : name='Garlic & Herb Goat Cheese' description='Creamy goat cheese infused with herbs and garlic, perfect for spreading on crackers.' 
INFO:root:CREATE : name='Yoga Strap' description='Durable yoga strap for deeper stretches.' 
INFO:root:CREATE : name='Biodegradable Trash Bags' description='Eco-friendly trash bags that break down naturally.' 
INFO:root:CREATE : name='Organic Cereal Bars' description='Healthy snack bars packed with oats and fruit.' 
INFO:root:CREATE : name='Red Lentils' description='Nutritious and quick-cooking red lentils.' 
INFO:root:CREATE : name='Portable Massage Table' description='Folding massage table for professional or home use.' 
INFO:root:CREATE : name='Cucumber Lime Sparkling Water' description='Refreshing sparkling water with cucumber and lime flavor.' 
INFO:root:CREATE : name='Smart Light Switch' description='Control lights remotely with this smart switch.' 
INFO:root:CREATE : name='Cranberry Orange Oatmeal' description='Instant oatmeal flavored with cranberries and orange zest for breakfast.' 
INFO:root:CREATE : name='Professional Chef Knife' description='High-carbon stainless steel chef knife for precision cutting.' 
INFO:root:CREATE : name='Wild Rice & Quinoa Mix' description='Nutritious blend of wild rice and quinoa, perfect as a side dish.' 
INFO:root:CREATE : name='Sesame Ginger Dressing' description='Tangy dressing perfect for salads and marinades, with sesame and ginger flavors.' 
INFO:root:CREATE : name='Energy Bites' description='Healthy energy bites made with oats and natural sweeteners.' 
INFO:root:CREATE : name='Leather Wallet' description='Genuine leather wallet with multiple compartments.' 
INFO:root:CREATE : name='Water Bottle' description='Insulated water bottle for keeping drinks cold.' 
INFO:root:CREATE : name='Oversized Denim Shirt' description='A trendy oversized denim shirt perfect for layering.' 
INFO:root:CREATE : name='Wireless Gaming Headset' description='Comfortable headset with surround sound for immersive gaming.' 
INFO:root:CREATE : name='Frozen Acai Purée' description='Unsweetened frozen acai purée for smoothies and bowls.' 
INFO:root:CREATE : name='Pet Tracking Collar' description='GPS pet collar that helps locate your pet via smartphone app.' 
INFO:root:CREATE : name='High-Speed HDMI Cable' description='Durable cable for connecting devices with high-definition video.' 
INFO:root:CREATE : name='Cordless Electric Screwdriver' description='Rechargeable screwdriver with multiple bits for DIY projects.' 
INFO:root:CREATE : name='Sesame Noodles' description='Chilled noodles dressed in sesame sauce, ready to eat.' 
INFO:root:CREATE : name='Teriyaki Beef Strips' description='Marinated beef strips in teriyaki sauce for easy grilling.' 
INFO:root:CREATE : name='Artisan Cornbread Mix' description='Mix for homemade cornbread, just add water and bake for a delicious side.' 
INFO:root:CREATE : name='Ethical Wool Scarf' description='A warm and sustainable wool scarf for chilly days.' 
INFO:root:CREATE : name='Photo Album' description='Classic leather photo album for keepsakes.' 
INFO:root:CREATE : name="Kids' Trampoline" description='Safe and fun trampoline for children.' 
INFO:root:CREATE : name='Organic Coconut Flour' description='Finely ground flour from dried coconut meat.' 
INFO:root:CREATE : name='Inflatable Paddle Board' description='Lightweight and portable paddle board for water sports.' 
INFO:root:CREATE : name='Vegetable Sushi Rolls' description='Fresh sushi rolls filled with a variety of vegetables.' 
INFO:root:CREATE : name='Organic Honeycrisp Apples' description='Sweet and crisp apples, perfect for snacking.' 
INFO:root:CREATE : name='Organic Quinoa Salad' description='A refreshing salad made with quinoa and seasonal veggies.' 
INFO:root:CREATE : name='Coconut Almond Granola' description='Crunchy granola made with oats, almonds, and coconut flakes.' 
INFO:root:CREATE : name='Coconut Rice' description='Fluffy rice cooked with coconut milk for a tropical twist.' 
INFO:root:CREATE : name='LED Christmas Lights' description='Eco-friendly LED lights for festive decorations.' 
INFO:root:CREATE : name='Rice Noodles' description='Thin rice noodles, ideal for stir-fries and soups.' 
INFO:root:CREATE : name='Savory Breakfast Sausage' description='Frozen sausage patties made with herbs and spices, perfect for breakfast sandwiches.' 
INFO:root:CREATE : name='Adjustable Window Blind' description='Customizable window cover for light control and privacy.' 
INFO:root:CREATE : name='Smart Home Security Camera' description='Wi-Fi camera with motion detection for home security.' 
INFO:root:CREATE : name='Frozen Chicken Nuggets' description='Crispy chicken nuggets for quick meals.' 
INFO:root:CREATE : name='Oven-Baked Sweet Potato Fries' description='Crispy sweet potato fries, perfectly seasoned and baked to perfection.' 
INFO:root:CREATE : name='Dark Chocolate Covered Raisins' description='Satisfy your sweet tooth with these dark chocolate-covered raisins.' 
INFO:root:CREATE : name='Banana Chips' description='Crunchy and sweet banana chips, a great on-the-go snack.' 
INFO:root:CREATE : name='Kale & Quinoa Salad Mix' description='A nutrient-packed salad mix with kale, quinoa, and a lemon vinaigrette, ready to eat.' 
INFO:root:CREATE : name='Hand Mixer' description='Compact hand mixer for easy baking.' 
INFO:root:CREATE : name='Classic White T-Shirt' description='A timeless wardrobe staple crafted from soft cotton with a perfect fit.' 
INFO:root:CREATE : name='Coffee Making Kit' description='Complete set to brew coffee with different methods.' 
INFO:root:CREATE : name="Children's Educational Workbook" description='Activity workbook for early learning and fun.' 
INFO:root:CREATE : name='Multi-Functional Rice Cooker' description='Electric rice cooker with multiple cooking settings for perfect rice.' 
INFO:root:CREATE : name='Lemon Pepper Seasoning' description='A zesty seasoning for meats and vegetables' 
INFO:root:CREATE : name='Honey Butter Popcorn' description='Light and fluffy popcorn coated in sweet honey butter.' 
INFO:root:CREATE : name='Glass Food Containers' description='BPA-free glass containers for safe food storage.' 
INFO:root:CREATE : name='Chocolate Dipped Fruit' description='Fruits dipped in rich chocolate, perfect for desserts.' 
INFO:root:CREATE : name='Smartphone Holder for Car' description="Secure phone mount for your vehicle's dashboard." 
INFO:root:CREATE : name='Organic Black Rice' description='Nutty and chewy black rice, high in antioxidants.' 
INFO:root:CREATE : name='Non-Toxic Crayons for Kids' description="Safe and vibrant crayons for children's art projects." 
INFO:root:CREATE : name='Maple Pecan Oatmeal Cookies' description='Soft oatmeal cookies with maple and pecans.' 
INFO:root:CREATE : name='Golf Polo Shirt' description='Breathable polo shirt designed for both style and comfort on the greens.' 
INFO:root:CREATE : name='Bock Beer Mustard' description='Flavorful mustard with a tangy kick, perfect for hot dogs and sandwiches.' 
INFO:root:CREATE : name='Pet Leash' description='Durable pet leash with comfortable handle.' 
INFO:root:CREATE : name='Thai Green Curry Paste' description='A rich curry paste for making authentic Thai green curry at home.' 
INFO:root:CREATE : name='Basil-infused Olive Oil' description='Extra virgin olive oil infused with fresh basil.' 
INFO:root:CREATE : name='Pet Travel Carrier' description='Comfortable carrier for small pets during travel.' 
INFO:root:CREATE : name='Flavored Instant Oatmeal' description='Quick oatmeal with various flavors' 
INFO:root:CREATE : name='Stainless Steel Grater' description='Multi-functional grater for cheese and vegetables.' 
INFO:root:CREATE : name='Chipotle Black Bean Salad' description='A zesty salad with black beans, corn, and chipotle dressing.' 
INFO:root:CREATE : name='Vegetable Pizza Rolls' description='Frozen pizza rolls filled with vegetables and cheese, perfect for snacks.' 
INFO:root:CREATE : name='Foot Massager' description='Electric foot massager with heat settings.' 
INFO:root:CREATE : name='Pasta Maker' description='Manual pasta maker for homemade pasta.' 
INFO:root:CREATE : name='Chiffon Blouse' description='Elegant chiffon blouse perfect for work or outings.' 
INFO:root:CREATE : name='Garden Hoses with Expandable Features' description='Lightweight, expandable hoses for easy handling.' 
INFO:root:CREATE : name='Thai Coconut Curry Sauce' description='A rich coconut curry sauce perfect for simmering vegetables or meats.' 
INFO:root:CREATE : name='Fleece Throw Blanket' description='Super soft fleece blanket, perfect for coziness.' 
INFO:root:CREATE : name='Himalayan Salt Grinder' description='Natural pink salt, perfect for seasoning.' 
INFO:root:CREATE : name='Wall Planner' description='Large wall planner for organizing schedules.' 
INFO:root:CREATE : name='Breezy Off-The-Shoulder Top' description='A light and breezy top ideal for warm days.' 
INFO:root:CREATE : name='Video Camera' description='1080p HD video camera with night vision.' 
INFO:root:CREATE : name='Roasted Vegetable Medley' description='A mix of frozen roasted vegetables for an easy side dish.' 
INFO:root:CREATE : name='Pita Bread' description='Soft pita bread, perfect for sandwiches or dips.' 
INFO:root:CREATE : name='Camera Tripod' description='Sturdy camera tripod for professional photography.' 
INFO:root:CREATE : name='Zesty Cilantro Lime Dressing' description='A bright and zesty dressing perfect for salads and tacos.' 
INFO:root:CREATE : name='Sunflower Seeds' description='Salted sunflower seeds perfect for snacking.' 
INFO:root:CREATE : name='Compact Pop-Up Tent' description='Easy setup tent perfect for camping and outdoor festivals.' 
INFO:root:CREATE : name='Scent Diffuser' description='Ultrasonic essential oil diffuser with LED lights.' 
INFO:root:CREATE : name='LED Christmas Tree Lights' description='String lights for decorating holiday trees.' 
INFO:root:CREATE : name='Compact Shoe Rack' description='Space-efficient shoe rack to keep entryways organized.' 
INFO:root:CREATE : name='Handmade Soap Making Kit' description='Complete kit for crafting your own scented soaps.' 
INFO:root:CREATE : name='Vintage Button-Down Shirt' description='A retro-style button-down shirt with a relaxed fit.' 
INFO:root:CREATE : name='Spicy Vegetable Sushi Rolls' description='Vegan sushi filled with spicy vegetables and avocado.' 
INFO:root:CREATE : name='Non-Toxic Concrete Sealer' description='Eco-friendly sealer for protecting concrete surfaces.' 
INFO:root:CREATE : name='Gluten-Free Pancake Mix' description='Fluffy and delicious pancake mix, perfect for a gluten-free breakfast.' 
INFO:root:CREATE : name='Scented Candle Set' description='Set of soothing scented candles for relaxation and ambiance.' 
INFO:root:CREATE : name='Spicy Italian Sausage' description='Savory sausage with a blend of spices, perfect for pasta dishes.' 
INFO:root:CREATE : name='Marinara Sauce' description='Classic marinara sauce for all pasta dishes.' 
INFO:root:CREATE : name='Incense Holder' description='Ceramic incense holder for a calming atmosphere.' 
INFO:root:CREATE : name='Brussels Sprouts' description='Fresh Brussels sprouts, great for roasting or steaming.' 
INFO:root:CREATE : name='Trackpad for Laptop' description='Wireless trackpad for enhanced laptop navigation.' 
INFO:root:CREATE : name='Reusable Coffee Filter' description='Eco-friendly coffee filter for brewing.' 
INFO:root:CREATE : name='USB Flash Drive' description='32GB USB flash drive with fast data transfer speeds.' 
INFO:root:CREATE : name='Coconut Curry Lentils' description='Lentils cooked in a coconut curry for a hearty meal.' 
INFO:root:CREATE : name='Safety Goggles' description='Protective goggles for DIY and construction work.' 
INFO:root:CREATE : name='Wrap Front Midi Skirt' description='Elegant midi skirt with a wrap design, great for both formal and casual events.' 
INFO:root:CREATE : name='Saffron Rice Mix' description='Flavorful rice mix with saffron and spices.' 
INFO:root:CREATE : name='Emergency Preparedness Kit' description='Complete kit for emergency situations including food and water.' 
INFO:root:CREATE : name='Frozen Burritos' description='Easy-to-heat frozen burritos for a quick meal.' 
INFO:root:CREATE : name='Portable Ice Maker' description='Compact ice maker for creating ice at home or in offices.' 
INFO:root:CREATE : name='Pumpkin Spice Pancake Mix' description='Pancake mix infused with seasonal pumpkin spice flavor.' 
INFO:root:CREATE : name='Portable Blender' description='Battery-operated blender for smoothies on the go.' 
INFO:root:CREATE : name='Sliced Olives' description='Pitted black olives, perfect for salads and pizzas.' 
INFO:root:CREATE : name='LED Makeup Mirror' description='Illuminated vanity mirror with adjustable brightness settings.' 
INFO:root:CREATE : name='Eco-Friendly Yoga Mat' description='Made from biodegradable materials for eco-conscious yogis.' 
INFO:root:CREATE : name='Digital Voice Recorder' description='High-quality voice recorder for lectures and meetings.' 
INFO:root:CREATE : name='LED Flashlight' description='Bright LED flashlight with adjustable beam.' 
INFO:root:CREATE : name='Sweet Potato Mash' description='Creamy mashed sweet potatoes, ready to heat and serve.' 
INFO:root:CREATE : name='Pomegranate Juice' description='Fresh pomegranate juice, rich in antioxidants.' 
INFO:root:CREATE : name='Maple Chipotle Glaze' description="A sweet and spicy glaze that's perfect for grilling or marinades." 
INFO:root:CREATE : name='Peach & Mango Salsa' description='A zesty salsa made with peaches and mangos, great for chips.' 
INFO:root:CREATE : name='Smartphone Hand Grip' description='Sturdy grip to hold your phone securely while taking selfies.' 
INFO:root:CREATE : name='Electric Stir Fry Pan' description='Large stir fry pan with non-stick surface.' 
INFO:root:CREATE : name='Rechargeable Hand Warmer' description='Portable rechargeable warmer for cold days.' 
INFO:root:CREATE : name='Tortilla Chips' description='Crispy tortilla chips, perfect for dipping.' 
INFO:root:CREATE : name='Ground Cinnamon' description='Freshly ground cinnamon spice for baking or seasoning.' 
INFO:root:CREATE : name='Vegetarian Chili' description='Hearty chili made with beans and vegetables, a savory meal option.' 
INFO:root:CREATE : name="Wooden Children's Play Kitchen" description='Interactive kitchen set for imaginative play.' 
INFO:root:CREATE : name='Mango Chunks' description='Frozen mango chunks for smoothies or snacking.' 
INFO:root:CREATE : name='Digital Thermostat' description='Programmable digital thermostat for home heating.' 
INFO:root:CREATE : name='Non-Stick Crepe Pan' description='Perfectly designed pan for making crepes and pancakes.' 
INFO:root:CREATE : name='Robot Vacuum Cleaner' description='Smart robotic vacuum for automatic cleaning.' 
INFO:root:CREATE : name='Caribbean Jerk Marinade' description='A spicy marinade perfect for chicken and fish.' 
INFO:root:CREATE : name='Folding Backpack Chair' description='Versatile chair that easily folds up for carrying.' 
INFO:root:CREATE : name='Pretzel Bites' description='Soft pretzel bites, perfect for dipping in mustard or cheese sauce.' 
INFO:root:CREATE : name='Tomato Basil Pasta Sauce' description='Rich and flavorful pasta sauce made with ripe tomatoes and basil.' 
INFO:root:CREATE : name='Chipotle Sauce' description='Spicy sauce made with chipotle peppers' 
INFO:root:CREATE : name='Cranberry Almond Cookies' description='Delicious cookies with cranberries and almonds in every bite.' 
INFO:root:CREATE : name='Ceramic Knife Set' description='Set of ceramic knives for precision slicing.' 
INFO:root:CREATE : name='Dish Rack' description='Collapsible dish rack for kitchen countertop use.' 
INFO:root:CREATE : name="Kids' Outdoor Explorer Kit" description='Fun kit for aspiring explorers with binoculars and a compass.' 
INFO:root:CREATE : name='Stylish Wireless Earbuds' description='True wireless earbuds with excellent sound quality.' 
INFO:root:CREATE : name='Toasted Coconut Granola' description='Crunchy granola with toasted coconut flakes, perfect for breakfast or snacks.' 
INFO:root:CREATE : name='Fashionable Fanny Pack' description='A trendy fanny pack, perfect for hands-free outings.' 
INFO:root:CREATE : name='Savory Italian Herbs' description='A blend of dried Italian herbs for cooking.' 
INFO:root:CREATE : name='Mini Indoor Herb Garden Kit' description='All-in-one kit for growing herbs in your kitchen.' 
INFO:root:CREATE : name='Insulated Lunch Bag' description='Stylish insulated lunch bag for on-the-go meals.' 
INFO:root:CREATE : name='Cajun Seasoning' description='Spicy seasoning mix for all your favorite dishes.' 
INFO:root:CREATE : name='Infrared Thermometer Gun' description='Non-contact thermometer for quick and easy temperature readings.' 
INFO:root:CREATE : name='Mini Waffle Maker' description='Compact waffle maker for perfect small waffles.' 
INFO:root:CREATE : name='Wall-Mounted Wine Rack' description='Stylish and modern holder for storing wine bottles on walls.' 
INFO:root:CREATE : name='Herbed Goat Cheese' description='Tangy goat cheese infused with herbs, perfect for snacking.' 
INFO:root:CREATE : name='Roasted Red Pepper Dip' description='A blend of roasted red peppers and spices, perfect for dipping.' 
INFO:root:CREATE : name='Mediterranean Olives' description='A mix of brined Mediterranean olives for snacking.' 
INFO:root:CREATE : name='Cocoa Powder' description='Rich cocoa powder for baking and chocolate recipes.' 
INFO:root:CREATE : name='Sun-Dried Tomatoes' description='Dried tomatoes packed with deep flavor for salads and pasta.' 
INFO:root:CREATE : name='Digital Wireless Meat Thermometer' description='Bluetooth thermometer that alerts you when your meat is done.' 
INFO:root:CREATE : name='Wireless HDMI Receiver' description='Stream HD video wirelessly from devices to TV.' 
INFO:root:CREATE : name='Greek Yogurt Parfait' description='Layered Greek yogurt with granola and mixed berries, ready to enjoy.' 
INFO:root:CREATE : name='Cinnamon Rolls' description='Sweet and gooey cinnamon rolls, ready to bake.' 
INFO:root:CREATE : name='Laptop Stand' description='Adjustable laptop stand for better ergonomics.' 
INFO:root:CREATE : name='Smart Scale' description='Wi-Fi smart scale for tracking weight and BMI.' 
INFO:root:CREATE : name='Backpack' description='Durable and spacious backpack for travel and school.' 
INFO:root:CREATE : name='Salsa' description='Fresh and zesty salsa, perfect for nachos.' 
INFO:root:CREATE : name='Honey Roasted Peanuts' description='Crunchy peanuts coated in honey, perfect for snacking.' 
INFO:root:CREATE : name='Cotton Basic Tank' description='Essential cotton tank top, perfect for layering.' 
INFO:root:CREATE : name='Pineapple Coconut Yogurt' description='Creamy yogurt blended with fresh pineapple and coconut pieces.' 
INFO:root:CREATE : name='Honey Garlic Chicken' description='Tender chicken coated in a sweet and savory honey garlic sauce.' 
INFO:root:CREATE : name='Shower Curtain Hooks' description='Stylish hooks to easily hang shower curtains.' 
INFO:root:CREATE : name='Fitness Jump Rope' description='Durable jump rope for cardio workouts.' 
INFO:root:CREATE : name='Adjustable Stand for Tablets and Smartphones' description='Multi-angle stand for easy viewing of devices.' 
INFO:root:CREATE : name='Coconut Macaroons' description='Chewy cookies made with coconut, perfect for sweet cravings.' 
INFO:root:CREATE : name='Mini Air Hockey Table' description='Fun tabletop air hockey for home or office.' 
INFO:root:CREATE : name='Beef Stroganoff Meal Kit' description='Complete meal kit with everything needed to make beef stroganoff in under 30 minutes.' 
INFO:root:CREATE : name='Ice Cream Scoop' description='Durable scoop for perfectly shaped ice cream servings.' 
INFO:root:CREATE : name='Pet Carrier' description='Comfortable pet carrier for travel and vet visits.' 
INFO:root:CREATE : name='Fruit and Nut Bars' description='Individually packaged bars made with dried fruits and nuts.' 
INFO:root:CREATE : name='Ribbed Knit Dress' description='A fitted ribbed knit dress that hugs your curves perfectly.' 
INFO:root:CREATE : name='Self-Inflating Camping Mattress' description='Comfortable camping mattress that inflates automatically.' 
INFO:root:CREATE : name='Digital Bullet Journal' description='Stylish digital journaling app for notes and organizing tasks.' 
INFO:root:CREATE : name='Comfortable Jogger Pants' description='Relaxed fit joggers made from soft fleece, ideal for lounging or workouts.' 
INFO:root:CREATE : name='Fashionable Belt Bag' description='Trendy belt bag for hands-free carrying.' 
INFO:root:CREATE : name='Taro Chips' description='Crispy chips made from taro root, a wonderful snack.' 
INFO:root:CREATE : name='Falafel Mix' description='Easy-to-make falafel mix for a tasty vegetarian meal.' 
INFO:root:CREATE : name='Puzzle' description='Challenging 1000-piece jigsaw puzzle for all ages.' 
INFO:root:CREATE : name='Kettle Corn Popcorn' description='Sweet and salty kettle corn, perfect for snacking.' 
INFO:root:CREATE : name='Personal Blender with Travel Cup' description='Blender for smoothies with a portable cup.' 
INFO:root:CREATE : name='Stuffed Bell Peppers' description='Bell peppers stuffed with rice and vegetables' 
INFO:root:CREATE : name='Savory Quinoa Pudding' description='A delicious savory quinoa pudding, great as a side dish.' 
INFO:root:CREATE : name='Corn Tortillas' description='Soft and warm corn tortillas, perfect for tacos and burritos.' 
INFO:root:CREATE : name='Cilantro Lime Rice' description='Easy-to-prepare rice with cilantro and lime flavors, great as a side.' 
INFO:root:CREATE : name='Yoga Mat Carrier' description='Convenient carrier for transporting yoga mat.' 
INFO:root:CREATE : name='Coconut Chips' description='Crunchy, toasted coconut chips for snacking.' 
INFO:root:CREATE : name='Organic Tomato Ketchup' description='Classic ketchup made from organic tomatoes, no added sugar.' 
INFO:root:CREATE : name='Watercolor Set' description='Complete watercolor set with paints and brushes.' 
INFO:root:CREATE : name='Lentil Pasta' description='Gluten-free pasta made from lentils, high in protein.' 
INFO:root:CREATE : name='Chickpea Salad' description='A ready-to-eat salad made with chickpeas and veggies.' 
INFO:root:CREATE : name='Adjustable Pet Grooming Table' description='Professional grooming table with adjustable height.' 
INFO:root:CREATE : name='USB Desk Fan' description='Compact USB fan for personal cooling.' 
INFO:root:CREATE : name="Kid's Fruit Snacks" description='Assorted fruit-flavored gummy snacks that kids love.' 
INFO:root:CREATE : name='Crispy Potato Tots' description='Golden brown potato tots, crispy on the outside and fluffy inside.' 
INFO:root:CREATE : name='Brownie Bites' description='Fudgy brownie bites, perfect for sharing or snacking.' 
INFO:root:CREATE : name='Underwater Camera' description='Waterproof camera for capturing underwater adventures.' 
INFO:root:CREATE : name='Pet Camera with Treat Dispenser' description='Monitor and interact with your pet remotely with this camera.' 
INFO:root:CREATE : name='Insulated Cooler' description='Leak-proof cooler bag ideal for picnics and camping.' 
INFO:root:CREATE : name='Maxi Wrap Dress' description='A flowy maxi dress perfect for both casual and semi-formal occasions.' 
INFO:root:CREATE : name='Maple Oatmeal' description='Delicious maple-flavored oatmeal for a quick breakfast.' 
INFO:root:CREATE : name='Foldable Yoga Mat' description='Compact yoga mat that folds for easy storage and transport.' 
INFO:root:CREATE : name='Field Journal' description='Durable journal for nature observations and notes.' 
INFO:root:CREATE : name='Sturdy Bookends' description='Stylish bookends to keep books organized on shelves.' 
INFO:root:CREATE : name='Peanut Butter Chocolate Chip Bars' description='Chewy bars made with peanut butter and chocolate chips.' 
INFO:root:CREATE : name='Smart Water Bottle with Hydration Reminder' description='Bottle that tracks your water intake and reminds you to drink.' 
INFO:root:CREATE : name='Chino Shorts' description='Classic chino shorts in a versatile color for summer adventures.' 
INFO:root:CREATE : name='Collapsible Water Bottle' description='Space-saving collapsible bottle for outdoor activities.' 
INFO:root:CREATE : name='Shredded Cheese' description='Blend of cheddar and mozzarella cheese, great for recipes.' 
INFO:root:CREATE : name='Coconut Cashew Yogurt' description='Creamy yogurt made with coconut and cashews, dairy-free.' 
INFO:root:CREATE : name='Organic Italian Seasoning' description='A blend of dried herbs commonly used in Italian cooking.' 
INFO:root:CREATE : name='Cold Brew Coffee Maker' description='Brews coffee with a smooth flavor without bitterness.' 
INFO:root:CREATE : name='Thyme' description='Fresh thyme, perfect for seasoning dishes.' 
INFO:root:CREATE : name='Electric Heat Pad' description='Microwaveable heat pad for soothing muscle aches.' 
INFO:root:CREATE : name='Athletic Sports Bra' description='Supportive sports bra designed for high-impact workouts, made with moisture-wicking fabric.' 
INFO:root:CREATE : name='Sliced Cucumbers' description='Freshly sliced cucumbers, great for salads or snacking.' 
INFO:root:CREATE : name='Decorative LED Neon Sign' description='Bright, vibrant sign to add flair to any space.' 
INFO:root:CREATE : name='Lemon Herb Quinoa' description='Fluffy quinoa mixed with lemon zest and herbs, a perfect side.' 
INFO:root:CREATE : name='Plant Growing Kit' description='Complete kit for growing herbs indoors.' 
INFO:root:CREATE : name='Adjustable Garden Rake' description='Heavy-duty rake with adjustable width for different gardening needs.' 
INFO:root:CREATE : name='Pasta (Linguine)' description='Thin, flat pasta perfect for various sauces.' 
INFO:root:CREATE : name="Children's Backpack" description='Stylish and functional backpack for school or trips.' 
INFO:root:CREATE : name='Herbed Chicken Breast' description='Marinated chicken breast seasoned with herbs, ready for grilling.' 
INFO:root:CREATE : name='Maple Cinnamon Granola Bars' description='Chewy granola bars with maple and cinnamon flavor.' 
INFO:root:CREATE : name='Mushroom Soup (canned)' description='Creamy soup full of rich mushroom flavor.' 
INFO:root:CREATE : name='Chocolate Chip Pancake Mix' description='Easy-to-make pancake mix with chocolate chips included.' 
INFO:root:CREATE : name='Pumpkin Spice Latte Mix' description='Instant mix for delicious pumpkin spice lattes at home.' 
INFO:root:CREATE : name='Garden Vegetable Chips' description='Crispy chips made from assorted garden vegetables, lightly salted.' 
INFO:root:CREATE : name='Fitness Tracker Watch' description='Water-resistant activity tracker and smartwatch features.' 
INFO:root:CREATE : name='Sweet Potatoes' description='Sweet and nutritious potatoes, great for roasting.' 
INFO:root:CREATE : name='Cinnamon Roll Dough' description='Ready-to-bake cinnamon roll dough for easy breakfasts.' 
INFO:root:CREATE : name='Overnight Duffle Bag' description='Spacious duffle bag for weekend getaways.' 
INFO:root:CREATE : name='Memory Card' description='64GB SD memory card for cameras and devices.' 
INFO:root:CREATE : name='Vegetable Lentil Soup' description='A hearty soup made with lentils, a variety of vegetables, and spices, ideal for a nutritious meal.' 
INFO:root:CREATE : name='Honey Sesame Chicken' description='A delicious chicken dish featuring honey and sesame flavors.' 
INFO:root:CREATE : name='Basil Pesto Pasta' description='Pasta tossed with fresh basil pesto, simple and delicious.' 
INFO:root:CREATE : name='Compact Folding Table' description='Versatile folding table great for events or outdoor activities.' 
INFO:root:CREATE : name='Gardening Kneeler and Seat' description='Foldable kneeler that doubles as a seat for gardening convenience.' 
INFO:root:CREATE : name='Solar String Lights' description='Eco-friendly string lights for outdoor decor.' 
INFO:root:CREATE : name='Traditional Hummus' description='Creamy chickpea dip blended with tahini and garlic.' 
INFO:root:CREATE : name='Bamboo Memory Foam Pillow' description='Ergonomically designed pillow with breathable bamboo cover.' 
INFO:root:CREATE : name='Gaming Headset' description='Comfortable gaming headset with surround sound.' 
INFO:root:CREATE : name='Sliced Ham' description='Delicious and fully cooked sliced ham, ready to eat.' 
INFO:root:CREATE : name='Pet Food Storage Container' description='Airtight container to keep pet food fresh.' 
INFO:root:CREATE : name='Chipotle Seasoning Blend' description='A smoky blend of spices for grilling and roasting.' 
INFO:root:CREATE : name='Quinoa' description='Protein-rich quinoa, a great alternative to rice.' 
INFO:root:CREATE : name='Stick Vacuums Cleaner' description='Cordless vacuum cleaner for quick clean-ups.' 
INFO:root:CREATE : name='Fitness Foam Roller' description='High-density foam roller for muscle recovery.' 
INFO:root:CREATE : name='Buffalo Cauliflower Bites' description='Spicy cauliflower bites for a vegetarian snack.' 
INFO:root:CREATE : name='Vanilla Protein Powder' description='A high-quality protein powder perfect for smoothies and baking.' 
INFO:root:CREATE : name='Cheddar & Bacon Potato Skins' description='Gourmet potato skins loaded with cheddar cheese and bacon.' 
INFO:root:CREATE : name='Wall-Mounted Bookshelf' description='Floating bookshelf to display your favorite books.' 
INFO:root:CREATE : name='Spicy Garlic Edamame' description='Steamed edamame tossed in a spicy garlic sauce, great for snacking.' 
INFO:root:CREATE : name='Collapsible Colander' description='Space-saving colander for rinsing fruits and vegetables.' 
INFO:root:CREATE : name='Ground Turkey' description='Lean and versatile ground turkey, perfect for various dishes.' 
INFO:root:CREATE : name='Bamboo Cutting Board Set' description='Eco-friendly bamboo cutting boards in various sizes.' 
INFO:root:CREATE : name='Ergonomic Gaming Chair' description='Comfortable gaming chair for long hours of play.' 
INFO:root:CREATE : name='Organic Quinoa Chips' description='Light and crispy chips made from quinoa, ideal for dipping.' 
INFO:root:CREATE : name='LED Desk Light' description='Adjustable LED desk light with brightness settings.' 
INFO:root:CREATE : name='Portable Solar Camp Shower' description='Portable solar shower for camping and outdoor use.' 
INFO:root:CREATE : name='Vegetable Fried Rice' description='Quick and easy fried rice mixed with vegetables and soy sauce.' 
INFO:root:CREATE : name='Luxury Yoga Mat' description='High-density, non-slip yoga mat for stability and comfort.' 
INFO:root:CREATE : name='Snap-On Tupperware Set' description='Durable and versatile food storage containers.' 
INFO:root:CREATE : name='Coconut Milk Yogurt' description='Creamy yogurt made with coconut milk' 
INFO:root:CREATE : name='High-Quality Yoga Block' description='Foam yoga block for enhancing poses and stability.' 
INFO:root:CREATE : name='Crispy Onion Rings' description='Frozen onion rings, crispy and ready to bake.' 
INFO:root:CREATE : name='Multifunctional Pocket Tool' description='Compact pocket tool with various built-in functions.' 
INFO:root:CREATE : name='Oven Mitts with Pocket' description='Silicone oven mitts designed for safe cooking and baking.' 
INFO:root:CREATE : name='Cranberry Lime Sparkling Water' description='Refreshing sparkling water infused with cranberry and lime flavors.' 
INFO:root:CREATE : name='Electric Kettle with Temperature Control' description='Electric kettle that offers precise temperature settings.' 
INFO:root:CREATE : name='Classic Bagels' description='Freshly baked bagels, perfect for breakfast or snacks.' 
INFO:root:CREATE : name='Microfiber Cleaning Cloth Set' description='Assorted cloths for cleaning electronics and delicate surfaces.' 
INFO:root:CREATE : name='Deep Tissue Massage Gun' description='Rechargeable massage gun for relieving muscle soreness.' 
INFO:root:CREATE : name='Dog Walking Waist Pack' description='Hands-free waist pack for carrying essentials while walking your dog.' 
INFO:root:CREATE : name='Honey Glazed Carrots' description='Sweet and savory carrots glazed in honey, perfect as a side dish.' 
INFO:root:CREATE : name='Siphon Coffee Maker' description='Unique coffee brewing method for a flavorful experience.' 
INFO:root:CREATE : name='Electric Nail File Kit' description='Professional-grade nail care set for manicures and pedicures.' 
INFO:root:CREATE : name='Wireless Wi-Fi Extender' description='Boosts your Wi-Fi coverage for better connectivity.' 
INFO:root:CREATE : name='Portable Pet Stroller' description='Convenient stroller for pets to enjoy outdoor walks.' 
INFO:root:CREATE : name='Whole Grain Mustard' description='Tangy whole grain mustard for sandwiches and dressings.' 
INFO:root:CREATE : name='Kitchen Knife Sharpening System' description='Professional sharpening system for kitchen knives.' 
INFO:root:CREATE : name='Lentil Soup (canned)' description='Hearty lentil soup for a quick meal.' 
INFO:root:CREATE : name='Tabletop Fire Pit' description='Compact and stylish indoor/outdoor fire pit for ambiance.' 
INFO:root:CREATE : name='Cinnamon Sugar Mix' description='Sweet mixture of cinnamon and sugar for sprinkling.' 
INFO:root:CREATE : name='Organic Coconut Yogurt' description='Dairy-free yogurt made from coconut milk.' 
INFO:root:CREATE : name='Classic Cheesecake Mix' description='A simple, no-bake cheesecake mix to create your own delicious cheesecake.' 
INFO:root:CREATE : name='Honey BBQ Ribs' description='Tender ribs smothered in a honey barbecue sauce.' 
INFO:root:CREATE : name='Wrap Jumpsuit' description='Chic wrap jumpsuit that flatters the body and is perfect for any occasion.' 
INFO:root:CREATE : name='Vegetable Stir Fry Mix' description='A mix of fresh vegetables for quick stir-fries.' 
INFO:root:CREATE : name='Tandoori Chicken Skewers' description='Marinated chicken skewers infused with traditional tandoori spices.' 
INFO:root:CREATE : name='Silicone Baking Cups' description='Set of reusable baking cups for muffins and cupcakes.' 
INFO:root:CREATE : name='Roasted Garlic' description='Savory roasted garlic in a jar for easy use.' 
INFO:root:CREATE : name='Smart Water Bottle' description='Water bottle that tracks your hydration levels.' 
INFO:root:CREATE : name='Graphic Print Leggings' description='Trendy leggings with a unique graphic print, versatile for workouts and casual wear.' 
INFO:root:CREATE : name='Sports Bottle' description='BPA-free sports bottle with flip-top lid.' 
INFO:root:CREATE : name='Fleece Lined Leggings' description='Comfortable and warm leggings perfect for colder weather.' 
INFO:root:CREATE : name='Inspirational Wall Art' description='Quote wall art to inspire and motivate.' 
INFO:root:CREATE : name='Jigsaw Puzzle' description='500-piece jigsaw puzzle featuring beautiful scenery.' 
INFO:root:CREATE : name='Adjustable Dog Harness' description='Comfortable and adjustable harness for dogs.' 
INFO:root:CREATE : name='Raspberry Vanilla Greek Yogurt' description='Creamy Greek yogurt infused with raspberry and vanilla flavors.' 
INFO:root:CREATE : name='Pet Grooming Kit' description='Complete grooming kit for dogs and cats.' 
INFO:root:CREATE : name='Peach Slices (canned)' description='Juicy peach slices in syrup, perfect for desserts.' 
INFO:root:CREATE : name='Electric Heat Press Machine' description='Ideal for creating custom designs on t-shirts and fabrics.' 
INFO:root:CREATE : name='Spinach Artichoke Dip' description='A delicious creamy dip featuring spinach and artichokes, perfect for parties.' 
INFO:root:CREATE : name='Organic Coconut Oil' description='Cold-pressed coconut oil, perfect for cooking, baking, or skin care.' 
INFO:root:CREATE : name='Creamy Ranch Dressing' description='Classic ranch dressing for salads and dipping.' 
INFO:root:CREATE : name='Classic Black Trousers' description='Timeless black trousers for a smart and sophisticated look.' 
INFO:root:CREATE : name='Beef Tacos' description='Pre-seasoned beef mix for delicious tacos, just heat and serve.' 
INFO:root:CREATE : name='Personal Blender with Cups' description='Compact blender that comes with travel cups for smoothies.' 
INFO:root:CREATE : name='Smartphone Photography Ring Light' description='Portable ring light that enhances your photos with perfect lighting.' 
INFO:root:CREATE : name='Pasta Portion Control Measure' description='Tool for measuring perfect pasta portions every time.' 
INFO:root:CREATE : name='Maple Almond Butter' description='Creamy almond butter sweetened with maple syrup for a delicious spread.' 
INFO:root:CREATE : name='Interactive Robot Toy' description='Fun robot that engages kids with games and activities.' 
INFO:root:CREATE : name='Spicy Chicken Wings' description='Wide range of flavored wings, perfect for parties or casual snacking.' 
INFO:root:CREATE : name='Laptop Backpack' description='Water-resistant laptop backpack with multiple compartments.' 
INFO:root:CREATE : name='Baked Potato Chips' description='Light and crispy baked chips, a healthier snack option.' 
INFO:root:CREATE : name='Travel Orthopedic Pillow' description='Supportive pillow that provides comfort while traveling.' 
INFO:root:CREATE : name='Overnight Hiking Backpack' description='Durable backpack with ample storage for outdoor adventures.' 
INFO:root:CREATE : name='Smart Plant Monitor' description='Device that tracks soil moisture and provides care tips.' 
INFO:root:CREATE : name='Vegetarian Stir Fry Sauce' description='Flavorful sauce perfect for stir-frying vegetables and tofu.' 
INFO:root:CREATE : name='Chocolate Hazelnut Spread' description='A creamy spread made with chocolate and hazelnuts, perfect for toast.' 
INFO:root:CREATE : name='Fresh Cilantro' description='Bright and fragrant cilantro, great for garnishes.' 
INFO:root:CREATE : name='Strawberry Banana Smoothie Pack' description='Frozen smoothie pack with strawberries and bananas.' 
INFO:root:CREATE : name='Over-The-Door Shoe Organizer' description='Space-saving shoe organizer for tight spaces.' 
INFO:root:CREATE : name='Pet Travel Bed' description='Portable bed for pets while traveling.' 
INFO:root:CREATE : name='Cat Tree with Scratching Posts' description='Multi-level cat tree for play and scratching.' 
INFO:root:CREATE : name='Chocolate Hazelnut Granola' description='Crunchy granola with chocolate and hazelnuts for breakfast.' 
INFO:root:CREATE : name='Solar Power Bank' description='Eco-friendly power bank that charges via sunlight.' 
INFO:root:CREATE : name='Insulated Sport Tumbler' description='Vacuum-insulated tumbler for beverages on the go.' 
INFO:root:CREATE : name='Rustic Wooden Picture Frame' description='Charming frame to showcase your favorite photos.' 
INFO:root:CREATE : name='Wireless Keyboard and Mouse Combo' description='Compact wireless set for easy computer usability.' 
INFO:root:CREATE : name='Magnetic Spice Jars' description='Convenient magnetic jars for easy spice storage.' 
INFO:root:CREATE : name='Honey Wheat Pretzels' description='Crunchy pretzel sticks made with honey and whole wheat.' 
INFO:root:CREATE : name='Multi-Purpose Plant Care Tool' description='All-in-one tool for measuring soil moisture, light, and pH.' 
INFO:root:CREATE : name='Honey Nut Cheerios' description='Classic cereal made with whole grains and honey.' 
INFO:root:CREATE : name='Caramelized Onion Dip' description='Creamy dip made with caramelized onions, perfect for chips or veggies.' 
INFO:root:CREATE : name='Ultraviolet Phone Sanitizer' description='UV sanitizer that kills germs on your smartphone.' 
INFO:root:CREATE : name='Pepper Jack Cheese Sticks' description='A spicy, flavorful cheese stick great for snacks or lunchboxes.' 
INFO:root:CREATE : name='Watering Can with Nozzle' description='Stylish watering can for plants with easy pouring nozzle.' 
INFO:root:CREATE : name='Adjustable Pedicure Footrest' description='Ergonomic footrest for easier pedicure treatment.' 
INFO:root:CREATE : name='Reclining Camping Chair' description='Foldable reclining camping chair with cup holder.' 
INFO:root:CREATE : name='Savory Trail Mix' description='A blend of nuts, seeds, and spices for a healthy snack.' 
INFO:root:CREATE : name='Dark Chocolate Bars' description='Rich dark chocolate bars, perfect for a sweet treat.' 
INFO:root:CREATE : name='Cable Knit Beanie' description='A cozy cable knit beanie to keep your head warm in winter.' 
INFO:root:CREATE : name='Waterproof Rain Boots' description='Stay dry with these stylish waterproof rain boots.' 
INFO:root:CREATE : name='Miso Soup Starter' description='Miso paste for making traditional Japanese miso soup.' 
INFO:root:CREATE : name='Organic Cucumber' description='Fresh organic cucumber perfect for salads or snacking.' 
INFO:root:CREATE : name='Black Bean Spaghetti' description='High-protein pasta made from black beans, gluten-free.' 
INFO:root:CREATE : name='Apple Juice' description='Refreshing apple juice, 100% juice with no added sugar.' 
INFO:root:CREATE : name='Peanut Butter Banana Smoothie' description='Smooth and creamy smoothie made with peanut butter and banana.' 
INFO:root:CREATE : name='Sweet Potato Noodles' description='Pasta alternative made from sweet potatoes, gluten-free and rich in flavor.' 
INFO:root:CREATE : name='Sun Protection Clothing' description='UV-blocking clothing for outdoor activities.' 
INFO:root:CREATE : name='Customizable Photo Calendar' description='Personalized calendar with your favorite photos.' 
INFO:root:CREATE : name='Ceramic Planter Set' description='Set of decorative ceramic planters for indoor plants.' 
INFO:root:CREATE : name='Miso Soup Mix' description='Instant miso soup mix, just add hot water for a warm meal.' 
INFO:root:CREATE : name='Basil Tomato Soup' description='Rich tomato soup flavored with fresh basil, ready to heat up.' 
INFO:root:CREATE : name='Tomatillo Salsa' description='Tangy salsa made from tomatillos and peppers.' 
INFO:root:CREATE : name='Silicone Baking Mats' description='Reusable silicone mats for non-stick baking.' 
INFO:root:CREATE : name='Blueberry Chia Jam' description='Homemade jam made with blueberries and chia seeds, no added sugar.' 
INFO:root:CREATE : name='Digital Meat Thermometer' description='Instant-read thermometer for precise cooking temperatures.' 
INFO:root:CREATE : name='Thai Red Curry Paste' description='Spicy and flavorful curry paste for authentic Thai dishes.' 
INFO:root:CREATE : name='Fruit and Nut Energy Bites' description='Natural energy bites packed with fruits and nuts for a perfect snack.' 
INFO:root:CREATE : name='Pecan Pie Filling' description='Sweet and nutty filling for delicious homemade pecan pie.' 
INFO:root:CREATE : name='Kids Tablet' description='Durable tablet designed for kids with parental controls.' 
INFO:root:CREATE : name='Organic Vanilla Bean Ice Cream' description='Creamy ice cream made with real vanilla beans, perfect for desserts.' 
INFO:root:CREATE : name='Trainers with Mesh Inserts' description='Comfortable trainers with mesh inserts for breathability.' 
INFO:root:CREATE : name='Dried Apricots' description='Sweet, chewy dried apricots, great for snacking or baking.' 
INFO:root:CREATE : name='Chili Beans (canned)' description='Canned beans with chili sauce, perfect for chili dishes.' 
INFO:root:CREATE : name='Coconut Curry Chicken' description='Tender chicken cooked in a rich coconut curry sauce, ready to heat and serve.' 
INFO:root:CREATE : name='Bluetooth Tracker' description='Smart tracker to locate keys or other items via app.' 
INFO:root:CREATE : name='Workstation Laptop Stand' description='Adjustable stand to improve ergonomics while working on a laptop.' 
INFO:root:CREATE : name='Coconut Cream' description='Rich cream extracted from coconut milk, ideal for desserts.' 
INFO:root:CREATE : name='Stuffed Peppers with Quinoa' description='Bell peppers filled with quinoa and vegetables.' 
INFO:root:CREATE : name='Dried Mango Slices' description='Sweet and chewy dried mango slices, perfect for snacking.' 
INFO:root:CREATE : name='Classic Leather Wallet' description='A sleek leather wallet that combines style and functionality.' 
INFO:root:CREATE : name='Cabbage' description='Fresh green cabbage, great for salads and slaws.' 
INFO:root:CREATE : name='Sesame Seeds' description='Crunchy seeds perfect for toppings and baking.' 
INFO:root:CREATE : name='Athletic Compression Tights' description='High-performance compression tights designed for optimal support and comfort.' 
INFO:root:CREATE : name='Action Camera' description='Compact action camera for capturing adventures.' 
INFO:root:CREATE : name='Canvas High-Top Sneakers' description='Trendy high-top canvas sneakers for a stylish streetwear look.' 
INFO:root:CREATE : name='Mini Air Purifier' description='Battery-operated air purifier for small spaces.' 
INFO:root:CREATE : name='Olive Oil' description='Extra virgin olive oil, ideal for cooking and salads.' 
INFO:root:CREATE : name='Egg Noodles' description='Wide egg noodles, perfect for casseroles and soups.' 
INFO:root:CREATE : name='Adjustable Laptop Desk' description='Portable desk that can be adjusted for sitting or standing.' 
INFO:root:CREATE : name='Memory Foam Pillow' description='Ergonomic memory foam pillow for better sleep.' 
INFO:root:CREATE : name='Skincare Set' description='All-natural skincare set for daily use.' 
INFO:root:CREATE : name='Electric Milk Frother' description='Handheld frother for creating frothed milk for coffee.' 
INFO:root:CREATE : name='Stainless Steel BBQ Grill Set' description='Essential tools for outdoor barbecues including tongs and spatula.' 
INFO:root:CREATE : name='Woven Storage Baskets' description='Stylish baskets for organizing various items in your home.' 
INFO:root:CREATE : name='Blue Denim Jeans' description='Classic fit blue jeans with a slight stretch for comfort and durability.' 
INFO:root:CREATE : name='Banana Nut Oatmeal Cups' description='Quick oatmeal cups with banana and nut flavor, great for breakfast.' 
INFO:root:CREATE : name='Savory Mushroom Risotto' description='Creamy risotto infused with wild mushrooms.' 
INFO:root:CREATE : name='Kale Caesar Salad Kit' description='Fresh kale with Caesar dressing and croutons.' 
INFO:root:CREATE : name='Wireless Gaming Mouse' description='Ergonomic mouse designed for gamers with high DPI.' 
INFO:root:CREATE : name='Dark Chocolate Covered Almonds' description='Roasted almonds dipped in rich dark chocolate.' 
INFO:root:CREATE : name='Ice Cream Maker' description='Homemade ice cream maker for delicious desserts.' 
INFO:root:CREATE : name='Handheld Garment Steamer' description='Quick and easy way to remove wrinkles from clothes.' 
INFO:root:CREATE : name='Herb Garlic Butter' description='A flavorful garlic butter blend, perfect for cooking or baking.' 
INFO:root:CREATE : name='Organic Quinoa' description='Nutritious organic quinoa for salads or sides' 
INFO:root:CREATE : name='Frozen Berry Medley' description='A mix of strawberries, blueberries, and raspberries, great for smoothies or desserts.' 
INFO:root:CREATE : name='Luxury Bath Salts' description='Scented bath salts for relaxation and self-care.' 
INFO:root:CREATE : name='Chocolate Chip Cookie Dough' description='Ready-to-bake cookie dough packed with chocolate chips.' 
INFO:root:CREATE : name='Magnetic Spice Containers' description='Set of magnetic jars for convenient spice organization.' 
INFO:root:CREATE : name='Peanut Butter Chocolate Clusters' description='Delicious clusters of peanuts and chocolate for a sweet treat.' 
INFO:root:CREATE : name='Key Finder' description='Bluetooth-enabled key tracker to find lost items easily.' 
INFO:root:CREATE : name='Bluetooth Car Adapter' description="Connect your phone to the car's audio system via Bluetooth." 
INFO:root:CREATE : name='Honey BBQ Riblets' description='Tender riblets coated in a honey barbecue glaze, perfect for grilling or baking.' 
INFO:root:CREATE : name='Ethically-Sourced Coffee Beans' description='Freshly roasted coffee beans with rich flavor.' 
INFO:root:CREATE : name='Teriyaki Sauce' description='Sweet and savory sauce for marinating and glazing meats or vegetables.' 
INFO:root:CREATE : name='Natural Soy Candles' description='Eco-friendly soy candles with a variety of scents.' 
INFO:root:CREATE : name='Heart-Shaped Baking Molds' description='Love-themed molds for creating desserts and treats.' 
INFO:root:CREATE : name='Electric Rice Cooker' description='Multi-function rice cooker for all types of rice recipes.' 
INFO:root:CREATE : name='LED Canopy Lights' description='Energy-efficient lights to illuminate outdoor areas.' 
INFO:root:CREATE : name='Bamboo Charcoal Air Purifier Bags' description='Natural air purifiers to absorb odors and moisture.' 
INFO:root:CREATE : name='Organic Ramen Noodles' description='Quick-cooking ramen noodles made with organic wheat.' 
INFO:root:CREATE : name='Acoustic Guitar' description='Beginner-friendly acoustic guitar with natural finish.' 
INFO:root:CREATE : name='Sweet Chili Thai Sauce' description='Tangy sweet chili sauce perfect for dipping or cooking.' 
INFO:root:CREATE : name='Ice Cream' description='Rich and creamy ice cream, available in various flavors.' 
INFO:root:CREATE : name='Baked Mac and Cheese' description='Creamy macaroni and cheese baked to perfection.' 
INFO:root:CREATE : name='Chickpea Salad Deluxe' description='Chickpeas mixed with fresh vegetables and herbs, a nutritious snack or salad.' 
INFO:root:CREATE : name='Marinara Parmesan Baked Ziti' description='Ziti pasta baked with marinara and parmesan cheese' 
INFO:root:CREATE : name='Adjustable Dumbbells' description='Space-saving adjustable dumbbells for strength training.' 
INFO:root:CREATE : name='Spinach and Feta Stuffed Chicken Breast' description='Juicy chicken breast stuffed with spinach and feta cheese, seasoned to perfection.' 
INFO:root:CREATE : name='Smoked Salmon' description='Deliciously smoked salmon, great for bagels.' 
INFO:root:CREATE : name='Ripped Boyfriend Jeans' description='Stylish ripped boyfriend jeans for a relaxed, effortlessly cool vibe.' 
INFO:root:CREATE : name='Smart LED Light Strip' description='Customizable RGB LED light strip, perfect for mood lighting.' 
INFO:root:CREATE : name='Peanut Butter Protein Balls' description='No-bake energy bites made with peanut butter and oats.' 
INFO:root:CREATE : name='Bamboo Utensil Holder' description='Stylish holder for organizing cooking utensils.' 
INFO:root:CREATE : name='Lemon Sorbet' description='Refreshing sorbet with a zesty lemon flavor.' 
INFO:root:CREATE : name='Eco-Friendly Yoga Blocks' description='Sustainable foam blocks for yoga practice.' 
